../Core/Src/main.c:89:5:main	88	static
../Core/Src/main.c:216:6:SystemClock_Config	120	static
../Core/Src/main.c:276:13:MX_DCMI_Init	8	static
../Core/Src/main.c:313:13:MX_I2C1_Init	8	static
../Core/Src/main.c:361:13:MX_USART3_UART_Init	8	static
../Core/Src/main.c:407:13:MX_DMA_Init	16	static
../Core/Src/main.c:425:13:MX_GPIO_Init	56	static
../Core/Src/main.c:481:13:sensor_setting	8	static
../Core/Src/main.c:526:13:extract_gray	24	static
../Core/Src/main.c:542:13:downsample_14x14	56	static
../Core/Src/main.c:574:6:MPU_Config	24	static
../Core/Src/main.c:605:6:Error_Handler	4	static,ignoring_inline_asm
