../Core/Inc/eml_common.h:41:1:eml_error_valid	16	static
../Core/Inc/eml_common.h:49:1:eml_error_str	16	static
../Core/Inc/eml_net.h:51:1:eml_net_relu	16	static
../Core/Inc/eml_net.h:56:1:eml_net_expit	16	static
../Core/Inc/eml_net.h:61:1:eml_net_tanh	16	static
../Core/Inc/eml_net.h:66:1:eml_net_softmax	48	static
../Core/Inc/eml_net.h:91:1:eml_net_argmax	32	static
../Core/Inc/eml_net.h:106:1:eml_net_valid	24	static
../Core/Inc/eml_net.h:112:1:eml_net_outputs	16	static
../Core/Inc/eml_net.h:118:1:eml_net_outputs_proba	24	static
../Core/Inc/eml_net.h:132:1:eml_net_find_largest_layer	24	static
../Core/Inc/eml_net.h:174:1:eml_net_forward	64	static
../Core/Inc/eml_net.h:221:1:eml_net_layer_forward	56	static
../Core/Inc/eml_net.h:249:1:eml_net_infer	72	static
../Core/Inc/eml_net.h:293:1:eml_net_predict_proba	48	static
../Core/Inc/eml_net.h:334:1:eml_net_predict	40	static
../Core/Inc/eml_net.h:365:1:eml_net_regress	40	static
../Core/Inc/eml_net.h:391:1:eml_net_regress1	40	static
../Core/Inc/mnist_196_24_12_10.h:18:5:mnist_model_predict	16	static
../Core/Inc/mnist_196_24_12_10.h:25:5:mnist_model_regress	32	static
../Core/Inc/mnist_196_24_12_10.h:32:5:mnist_model_regress1	16	static
../Core/Src/main.c:92:5:main	904	static
../Core/Src/main.c:239:6:SystemClock_Config	120	static
../Core/Src/main.c:299:13:MX_DCMI_Init	8	static
../Core/Src/main.c:336:13:MX_I2C1_Init	8	static
../Core/Src/main.c:384:13:MX_USART3_UART_Init	8	static
../Core/Src/main.c:430:13:MX_DMA_Init	16	static
../Core/Src/main.c:448:13:MX_GPIO_Init	56	static
../Core/Src/main.c:504:13:sensor_setting	8	static
../Core/Src/main.c:549:13:extract_gray	24	static
../Core/Src/main.c:565:13:downsample_14x14	56	static
../Core/Src/main.c:597:6:MPU_Config	24	static
../Core/Src/main.c:628:6:Error_Handler	4	static,ignoring_inline_asm
