../Core/Src/main.c:89:5:main	88	static
../Core/Src/main.c:217:6:SystemClock_Config	120	static
../Core/Src/main.c:277:13:MX_DCMI_Init	8	static
../Core/Src/main.c:314:13:MX_I2C1_Init	8	static
../Core/Src/main.c:362:13:MX_USART3_UART_Init	8	static
../Core/Src/main.c:408:13:MX_DMA_Init	16	static
../Core/Src/main.c:426:13:MX_GPIO_Init	56	static
../Core/Src/main.c:482:13:sensor_setting	8	static
../Core/Src/main.c:527:13:extract_gray	24	static
../Core/Src/main.c:543:13:downsample_14x14	56	static
../Core/Src/main.c:575:6:MPU_Config	24	static
../Core/Src/main.c:606:6:Error_Handler	4	static,ignoring_inline_asm
