../Core/Inc/eml_common.h:41:1:eml_error_valid	16	static
../Core/Inc/eml_common.h:49:1:eml_error_str	16	static
../Core/Inc/eml_net.h:51:1:eml_net_relu	16	static
../Core/Inc/eml_net.h:56:1:eml_net_expit	16	static
../Core/Inc/eml_net.h:61:1:eml_net_tanh	16	static
../Core/Inc/eml_net.h:66:1:eml_net_softmax	48	static
../Core/Inc/eml_net.h:91:1:eml_net_argmax	32	static
../Core/Inc/eml_net.h:106:1:eml_net_valid	24	static
../Core/Inc/eml_net.h:112:1:eml_net_outputs	16	static
../Core/Inc/eml_net.h:118:1:eml_net_outputs_proba	24	static
../Core/Inc/eml_net.h:132:1:eml_net_find_largest_layer	24	static
../Core/Inc/eml_net.h:174:1:eml_net_forward	64	static
../Core/Inc/eml_net.h:221:1:eml_net_layer_forward	56	static
../Core/Inc/eml_net.h:249:1:eml_net_infer	72	static
../Core/Inc/eml_net.h:293:1:eml_net_predict_proba	48	static
../Core/Inc/eml_net.h:334:1:eml_net_predict	40	static
../Core/Inc/eml_net.h:365:1:eml_net_regress	40	static
../Core/Inc/eml_net.h:391:1:eml_net_regress1	40	static
../Core/Inc/mnist_784_8_10.h:15:5:mnist_model_predict	16	static
../Core/Inc/mnist_784_8_10.h:22:5:mnist_model_regress	32	static
../Core/Inc/mnist_784_8_10.h:29:5:mnist_model_regress1	16	static
../Core/Src/main.c:1061:5:__io_putchar	16	static
../Core/Src/main.c:1073:5:main	3184	static
../Core/Src/main.c:1174:6:SD_Card_Test	1152	static
../Core/Src/main.c:1228:6:SystemClock_Config	120	static
../Core/Src/main.c:1288:13:MX_DCMI_Init	8	static
../Core/Src/main.c:1325:13:MX_I2C1_Init	8	static
../Core/Src/main.c:1373:13:MX_I2C4_Init	8	static
../Core/Src/main.c:1421:13:MX_SDMMC1_SD_Init	8	static
../Core/Src/main.c:1452:13:MX_USART3_UART_Init	8	static
../Core/Src/main.c:1498:13:MX_DMA_Init	16	static
../Core/Src/main.c:1516:13:MX_GPIO_Init	72	static
../Core/Src/main.c:1589:13:extract_gray	24	static
../Core/Src/main.c:1605:13:downsample_28x28	88	static
../Core/Src/main.c:1673:6:MPU_Config	24	static
../Core/Src/main.c:1704:6:Error_Handler	4	static,ignoring_inline_asm
