../Core/Src/Rm68140.c:33:13:low_delay_us	24	static
../Core/Src/Rm68140.c:47:13:gpio_init	40	static
../Core/Src/Rm68140.c:91:13:write_bus_byte	24	static
../Core/Src/Rm68140.c:118:13:write_cmd	16	static
../Core/Src/Rm68140.c:133:13:write_data	16	static
../Core/Src/Rm68140.c:148:13:write_data16	16	static
../Core/Src/Rm68140.c:161:13:hw_reset	8	static
../Core/Src/Rm68140.c:178:13:run_init_table	16	static
../Core/Src/Rm68140.c:208:6:RM68140_Init	8	static
../Core/Src/Rm68140.c:224:6:RM68140_SetWindow	24	static
../Core/Src/Rm68140.c:244:6:RM68140_PushPixel	16	static
../Core/Src/Rm68140.c:256:6:RM68140_FillRect	32	static
../Core/Src/Rm68140.c:274:6:RM68140_FillScreen	24	static
../Core/Src/Rm68140.c:290:6:RM68140_DrawGrayBuffer	64	static
../Core/Src/Rm68140.c:346:6:RM68140_DrawDigit	40	static
