../Core/Src/Rm68140.c:49:13:low_delay_us	24	static
../Core/Src/Rm68140.c:63:13:gpio_init	40	static
../Core/Src/Rm68140.c:107:13:write_bus_byte	24	static
../Core/Src/Rm68140.c:134:13:write_cmd	16	static
../Core/Src/Rm68140.c:149:13:write_data	16	static
../Core/Src/Rm68140.c:164:13:write_data16	16	static
../Core/Src/Rm68140.c:177:13:hw_reset	8	static
../Core/Src/Rm68140.c:194:13:run_init_table	16	static
../Core/Src/Rm68140.c:224:6:RM68140_Init	8	static
../Core/Src/Rm68140.c:240:6:RM68140_SetWindow	24	static
../Core/Src/Rm68140.c:260:6:RM68140_PushPixel	16	static
../Core/Src/Rm68140.c:272:6:RM68140_FillRect	32	static
../Core/Src/Rm68140.c:290:6:RM68140_FillScreen	24	static
../Core/Src/Rm68140.c:306:6:RM68140_DrawGrayBuffer	64	static
../Core/Src/Rm68140.c:362:6:RM68140_DrawDigit	40	static
